Release 14.7 - xst P.20131013 (lin64)
Copyright (c) 1995-2013 Xilinx, Inc.  All rights reserved.
--> 
Parameter TMPDIR set to xst/projnav.tmp


Total REAL time to Xst completion: 0.00 secs
Total CPU time to Xst completion: 0.02 secs
 
--> 
Parameter xsthdpdir set to xst


Total REAL time to Xst completion: 0.00 secs
Total CPU time to Xst completion: 0.02 secs
 
--> 
Reading design: BigLookUp.prj

TABLE OF CONTENTS
  1) Synthesis Options Summary
  2) HDL Parsing
  3) HDL Elaboration
  4) HDL Synthesis
       4.1) HDL Synthesis Report
  5) Advanced HDL Synthesis
       5.1) Advanced HDL Synthesis Report
  6) Low Level Synthesis
  7) Partition Report
  8) Design Summary
       8.1) Primitive and Black Box Usage
       8.2) Device utilization summary
       8.3) Partition Resource Summary
       8.4) Timing Report
            8.4.1) Clock Information
            8.4.2) Asynchronous Control Signals Information
            8.4.3) Timing Summary
            8.4.4) Timing Details
            8.4.5) Cross Clock Domains Report


=========================================================================
*                      Synthesis Options Summary                        *
=========================================================================
---- Source Parameters
Input File Name                    : "BigLookUp.prj"
Ignore Synthesis Constraint File   : NO

---- Target Parameters
Output File Name                   : "BigLookUp"
Output Format                      : NGC
Target Device                      : xc6slx9-2-tqg144

---- Source Options
Top Module Name                    : BigLookUp
Automatic FSM Extraction           : YES
FSM Encoding Algorithm             : Auto
Safe Implementation                : No
FSM Style                          : LUT
RAM Extraction                     : Yes
RAM Style                          : Auto
ROM Extraction                     : Yes
Shift Register Extraction          : YES
ROM Style                          : Auto
Resource Sharing                   : YES
Asynchronous To Synchronous        : NO
Shift Register Minimum Size        : 2
Use DSP Block                      : Auto
Automatic Register Balancing       : No

---- Target Options
LUT Combining                      : Auto
Reduce Control Sets                : Auto
Add IO Buffers                     : YES
Global Maximum Fanout              : 100000
Add Generic Clock Buffer(BUFG)     : 16
Register Duplication               : YES
Optimize Instantiated Primitives   : NO
Use Clock Enable                   : Auto
Use Synchronous Set                : Auto
Use Synchronous Reset              : Auto
Pack IO Registers into IOBs        : Auto
Equivalent register Removal        : YES

---- General Options
Optimization Goal                  : Speed
Optimization Effort                : 1
Power Reduction                    : NO
Keep Hierarchy                     : No
Netlist Hierarchy                  : As_Optimized
RTL Output                         : Yes
Global Optimization                : AllClockNets
Read Cores                         : YES
Write Timing Constraints           : NO
Cross Clock Analysis               : NO
Hierarchy Separator                : /
Bus Delimiter                      : <>
Case Specifier                     : Maintain
Slice Utilization Ratio            : 100
BRAM Utilization Ratio             : 100
DSP48 Utilization Ratio            : 100
Auto BRAM Packing                  : NO
Slice Utilization Ratio Delta      : 5

---- Other Options
Cores Search Directories           : {"ipcore_dir"  }

=========================================================================


=========================================================================
*                          HDL Parsing                                  *
=========================================================================
Parsing VHDL file "/home/redbluecarrots/Documents/University/ELEC5552/ELEC5552-MEMS-Characterisation/fpga/DDS_Lookup/ipcore_dir/Block_Lookup.vhd" into library work
Parsing entity <Block_Lookup>.
Parsing architecture <Block_Lookup_a> of entity <block_lookup>.
Parsing VHDL file "/home/redbluecarrots/Documents/University/ELEC5552/ELEC5552-MEMS-Characterisation/fpga/DDS_Lookup/BigLookUp.vhd" into library work
Parsing entity <BigLookUp>.
Parsing architecture <rtl> of entity <biglookup>.

=========================================================================
*                            HDL Elaboration                            *
=========================================================================

Elaborating entity <BigLookUp> (architecture <rtl>) from library <work>.

Elaborating entity <Block_Lookup> (architecture <Block_Lookup_a>) from library <work>.

=========================================================================
*                           HDL Synthesis                               *
=========================================================================

Synthesizing Unit <BigLookUp>.
    Related source file is "/home/redbluecarrots/Documents/University/ELEC5552/ELEC5552-MEMS-Characterisation/fpga/DDS_Lookup/BigLookUp.vhd".
    Found 7-bit register for signal <counter>.
    Found 3-bit adder for signal <counter[6]_GND_4_o_add_16_OUT> created at line 1241.
    Found 4-bit adder for signal <counter[3]_GND_4_o_add_17_OUT> created at line 1241.
    Summary:
	inferred   2 Adder/Subtractor(s).
	inferred   7 D-type flip-flop(s).
	inferred   1 Multiplexer(s).
Unit <BigLookUp> synthesized.

=========================================================================
HDL Synthesis Report

Macro Statistics
# Adders/Subtractors                                   : 2
 3-bit adder                                           : 1
 4-bit adder                                           : 1
# Registers                                            : 1
 7-bit register                                        : 1
# Multiplexers                                         : 1
 7-bit 2-to-1 multiplexer                              : 1

=========================================================================

=========================================================================
*                       Advanced HDL Synthesis                          *
=========================================================================

Reading core <ipcore_dir/Block_Lookup.ngc>.
Loading core <Block_Lookup> for timing and area information for instance <block_instance>.

=========================================================================
Advanced HDL Synthesis Report

Macro Statistics
# Adders/Subtractors                                   : 2
 3-bit adder                                           : 1
 4-bit adder                                           : 1
# Registers                                            : 7
 Flip-Flops                                            : 7
# Multiplexers                                         : 1
 7-bit 2-to-1 multiplexer                              : 1

=========================================================================

=========================================================================
*                         Low Level Synthesis                           *
=========================================================================

Optimizing unit <BigLookUp> ...

Mapping all equations...
Building and optimizing final netlist ...
Found area constraint ratio of 100 (+ 5) on block BigLookUp, actual ratio is 0.

Final Macro Processing ...

=========================================================================
Final Register Report

Macro Statistics
# Registers                                            : 7
 Flip-Flops                                            : 7

=========================================================================

=========================================================================
*                           Partition Report                            *
=========================================================================

Partition Implementation Status
-------------------------------

  No Partitions were found in this design.

-------------------------------

=========================================================================
*                            Design Summary                             *
=========================================================================

Top Level Output File Name         : BigLookUp.ngc

Primitive and Black Box Usage:
------------------------------
# BELS                             : 15
#      GND                         : 2
#      INV                         : 1
#      LUT2                        : 1
#      LUT3                        : 4
#      LUT4                        : 4
#      LUT5                        : 1
#      LUT6                        : 1
#      VCC                         : 1
# FlipFlops/Latches                : 23
#      FD                          : 7
#      FDRE                        : 16
# RAMS                             : 2
#      RAMB16BWER                  : 2
# Clock Buffers                    : 1
#      BUFG                        : 1
# IO Buffers                       : 20
#      IBUF                        : 5
#      OBUF                        : 15

Device utilization summary:
---------------------------

Selected Device : 6slx9tqg144-2 


Slice Logic Utilization: 
 Number of Slice Registers:              23  out of  11440     0%  
 Number of Slice LUTs:                   12  out of   5720     0%  
    Number used as Logic:                12  out of   5720     0%  

Slice Logic Distribution: 
 Number of LUT Flip Flop pairs used:     28
   Number with an unused Flip Flop:       5  out of     28    17%  
   Number with an unused LUT:            16  out of     28    57%  
   Number of fully used LUT-FF pairs:     7  out of     28    25%  
   Number of unique control sets:         2

IO Utilization: 
 Number of IOs:                          20
 Number of bonded IOBs:                  20  out of    102    19%  

Specific Feature Utilization:
 Number of Block RAM/FIFO:                2  out of     32     6%  
    Number using Block RAM only:          2
 Number of BUFG/BUFGCTRLs:                1  out of     16     6%  

---------------------------
Partition Resource Summary:
---------------------------

  No Partitions were found in this design.

---------------------------


=========================================================================
Timing Report

NOTE: THESE TIMING NUMBERS ARE ONLY A SYNTHESIS ESTIMATE.
      FOR ACCURATE TIMING INFORMATION PLEASE REFER TO THE TRACE REPORT
      GENERATED AFTER PLACE-and-ROUTE.

Clock Information:
------------------
-----------------------------------+-----------------------------------------------------------------------------------------------------------------------------------------+-------+
Clock Signal                       | Clock buffer(FF name)                                                                                                                   | Load  |
-----------------------------------+-----------------------------------------------------------------------------------------------------------------------------------------+-------+
m_clk                              | IBUF+BUFG                                                                                                                               | 25    |
block_instance/N1                  | NONE(block_instance/U0/xst_blk_mem_generator/gnativebmg.native_blk_mem_gen/valid.cstr/ramloop[1].ram.r/s6_init.ram/SP.SIMPLE_PRIM18.ram)| 2     |
-----------------------------------+-----------------------------------------------------------------------------------------------------------------------------------------+-------+
INFO:Xst:2169 - HDL ADVISOR - Some clock signals were not automatically buffered by XST with BUFG/BUFR resources. Please use the buffer_type constraint in order to insert these buffers to the clock signals to help prevent skew problems.

Asynchronous Control Signals Information:
----------------------------------------
No asynchronous control signals found in this design

Timing Summary:
---------------
Speed Grade: -2

   Minimum period: 2.975ns (Maximum Frequency: 336.134MHz)
   Minimum input arrival time before clock: 3.720ns
   Maximum output required time after clock: 4.118ns
   Maximum combinational path delay: 4.921ns

Timing Details:
---------------
All values displayed in nanoseconds (ns)

=========================================================================
Timing constraint: Default period analysis for Clock 'm_clk'
  Clock period: 2.975ns (frequency: 336.134MHz)
  Total number of paths / destination ports: 60 / 37
-------------------------------------------------------------------------
Delay:               2.975ns (Levels of Logic = 2)
  Source:            counter_3 (FF)
  Destination:       counter_6 (FF)
  Source Clock:      m_clk rising
  Destination Clock: m_clk rising

  Data Path: counter_3 to counter_6
                                Gate     Net
    Cell:in->out      fanout   Delay   Delay  Logical Name (Net Name)
    ----------------------------------------  ------------
     FD:C->Q               7   0.525   1.186  counter_3 (counter_3)
     LUT4:I0->O            1   0.254   0.682  PWR_4_o_counter[3]_equal_16_o<3>1 (PWR_4_o_counter[3]_equal_16_o)
     LUT4:I3->O            1   0.254   0.000  Mmux_counter[6]_counter[6]_mux_18_OUT71 (counter[6]_counter[6]_mux_18_OUT<6>)
     FD:D                      0.074          counter_6
    ----------------------------------------
    Total                      2.975ns (1.107ns logic, 1.868ns route)
                                       (37.2% logic, 62.8% route)

=========================================================================
Timing constraint: Default OFFSET IN BEFORE for Clock 'm_clk'
  Total number of paths / destination ports: 20 / 12
-------------------------------------------------------------------------
Offset:              3.720ns (Levels of Logic = 3)
  Source:            wvfrm_sel<1> (PAD)
  Destination:       block_instance/U0/xst_blk_mem_generator/gnativebmg.native_blk_mem_gen/valid.cstr/ramloop[1].ram.r/s6_init.ram/SP.SIMPLE_PRIM18.ram (RAM)
  Destination Clock: m_clk rising

  Data Path: wvfrm_sel<1> to block_instance/U0/xst_blk_mem_generator/gnativebmg.native_blk_mem_gen/valid.cstr/ramloop[1].ram.r/s6_init.ram/SP.SIMPLE_PRIM18.ram
                                Gate     Net
    Cell:in->out      fanout   Delay   Delay  Logical Name (Net Name)
    ----------------------------------------  ------------
     IBUF:I->O             4   1.328   1.032  wvfrm_sel_1_IBUF (wvfrm_sel_1_IBUF)
     LUT3:I0->O            2   0.235   0.725  addr<7:4><1>1 (addr<5>)
     begin scope: 'block_instance:addra<5>'
     RAMB16BWER:ADDRA8         0.400          U0/xst_blk_mem_generator/gnativebmg.native_blk_mem_gen/valid.cstr/ramloop[0].ram.r/s6_init.ram/SP.SIMPLE_PRIM18.ram
    ----------------------------------------
    Total                      3.720ns (1.963ns logic, 1.757ns route)
                                       (52.8% logic, 47.2% route)

=========================================================================
Timing constraint: Default OFFSET OUT AFTER for Clock 'm_clk'
  Total number of paths / destination ports: 14 / 14
-------------------------------------------------------------------------
Offset:              4.118ns (Levels of Logic = 2)
  Source:            block_instance/U0/xst_blk_mem_generator/gnativebmg.native_blk_mem_gen/valid.cstr/douta_i_13 (FF)
  Destination:       dac_out<13> (PAD)
  Source Clock:      m_clk rising

  Data Path: block_instance/U0/xst_blk_mem_generator/gnativebmg.native_blk_mem_gen/valid.cstr/douta_i_13 to dac_out<13>
                                Gate     Net
    Cell:in->out      fanout   Delay   Delay  Logical Name (Net Name)
    ----------------------------------------  ------------
     FDRE:C->Q             1   0.525   0.681  U0/xst_blk_mem_generator/gnativebmg.native_blk_mem_gen/valid.cstr/douta_i_13 (douta<13>)
     end scope: 'block_instance:douta<13>'
     OBUF:I->O                 2.912          dac_out_13_OBUF (dac_out<13>)
    ----------------------------------------
    Total                      4.118ns (3.437ns logic, 0.681ns route)
                                       (83.5% logic, 16.5% route)

=========================================================================
Timing constraint: Default path analysis
  Total number of paths / destination ports: 1 / 1
-------------------------------------------------------------------------
Delay:               4.921ns (Levels of Logic = 2)
  Source:            m_clk (PAD)
  Destination:       clk_out (PAD)

  Data Path: m_clk to clk_out
                                Gate     Net
    Cell:in->out      fanout   Delay   Delay  Logical Name (Net Name)
    ----------------------------------------  ------------
     IBUF:I->O             1   1.328   0.681  m_clk_IBUF (clk_out_OBUF)
     OBUF:I->O                 2.912          clk_out_OBUF (clk_out)
    ----------------------------------------
    Total                      4.921ns (4.240ns logic, 0.681ns route)
                                       (86.2% logic, 13.8% route)

=========================================================================

Cross Clock Domains Report:
--------------------------

Clock to Setup on destination clock m_clk
---------------+---------+---------+---------+---------+
               | Src:Rise| Src:Fall| Src:Rise| Src:Fall|
Source Clock   |Dest:Rise|Dest:Rise|Dest:Fall|Dest:Fall|
---------------+---------+---------+---------+---------+
m_clk          |    2.975|         |         |         |
---------------+---------+---------+---------+---------+

=========================================================================


Total REAL time to Xst completion: 2.00 secs
Total CPU time to Xst completion: 1.97 secs
 
--> 


Total memory usage is 372744 kilobytes

Number of errors   :    0 (   0 filtered)
Number of warnings :    0 (   0 filtered)
Number of infos    :    1 (   0 filtered)

