Running: /opt/Xilinx/14.7/ISE_DS/ISE/bin/lin64/unwrapped/fuse -intstyle ise -incremental -lib secureip -o /home/redbluecarrots/Documents/University/ELEC5552/ELEC5552-MEMS-Characterisation/fpga/DDS_Lookup/BigLookUp_tb_isim_beh.exe -prj /home/redbluecarrots/Documents/University/ELEC5552/ELEC5552-MEMS-Characterisation/fpga/DDS_Lookup/BigLookUp_tb_beh.prj work.BigLookUp_tb 
ISim P.20131013 (signature 0xfbc00daa)
Number of CPUs detected in this system: 12
Turning on mult-threading, number of parallel sub-compilation jobs: 24 
Determining compilation order of HDL files
Parsing VHDL file "/home/redbluecarrots/Documents/University/ELEC5552/ELEC5552-MEMS-Characterisation/fpga/DDS_Lookup/ipcore_dir/Block_Lookup.vhd" into library work
Parsing VHDL file "/home/redbluecarrots/Documents/University/ELEC5552/ELEC5552-MEMS-Characterisation/fpga/DDS_Lookup/BigLookUp.vhd" into library work
Parsing VHDL file "/home/redbluecarrots/Documents/University/ELEC5552/ELEC5552-MEMS-Characterisation/fpga/DDS_Lookup/BigLookUp_tb.vhd" into library work
Starting static elaboration
Completed static elaboration
Fuse Memory Usage: 94588 KB
Fuse CPU Usage: 430 ms
Compiling package standard
Compiling package std_logic_1164
Compiling package numeric_std
Compiling package textio
Compiling package std_logic_textio
Compiling package std_logic_arith
Compiling package std_logic_unsigned
Compiling architecture output_stage_behavioral of entity BLK_MEM_GEN_V7_3_output_stage [\BLK_MEM_GEN_V7_3_output_stage("...]
Compiling architecture output_stage_behavioral of entity BLK_MEM_GEN_V7_3_output_stage [\BLK_MEM_GEN_V7_3_output_stage("...]
Compiling architecture softecc_output_reg_stage_behavioral of entity BLK_MEM_GEN_V7_3_softecc_output_reg_stage [\BLK_MEM_GEN_V7_3_softecc_output...]
Compiling architecture mem_module_behavioral of entity BLK_MEM_GEN_V7_3_mem_module [\BLK_MEM_GEN_V7_3_mem_module("bl...]
Compiling architecture behavioral of entity BLK_MEM_GEN_V7_3 [\BLK_MEM_GEN_V7_3("blk_mem_gen_v...]
Compiling architecture block_lookup_a of entity Block_Lookup [block_lookup_default]
Compiling architecture rtl of entity BigLookUp [biglookup_default]
Compiling architecture behavior of entity biglookup_tb
Time Resolution for simulation is 1ps.
Compiled 22 VHDL Units
Built simulation executable /home/redbluecarrots/Documents/University/ELEC5552/ELEC5552-MEMS-Characterisation/fpga/DDS_Lookup/BigLookUp_tb_isim_beh.exe
Fuse Memory Usage: 1722788 KB
Fuse CPU Usage: 500 ms
GCC CPU Usage: 420 ms
